// Jest Snapshot v1, https://goo.gl/fbAQLP

exports[`kosko generate --preprod 1`] = `
"---
apiVersion: v1
kind: Namespace
metadata:
  annotations:
    field.cattle.io/creatorId: gitlab
    field.cattle.io/projectId: c-bar:p-foo
    git/branch: v1.2.3
    git/remote: >-
      https://gitlab-ci-token:[MASKED]@gitlab.factory.social.gouv.fr/SocialGouv/code-du-travail-numerique.git
    app.gitlab.com/app: socialgouv-code-du-travail-numerique
    app.gitlab.com/env: preprod-dev42
    app.gitlab.com/env.name: preprod-dev42
  labels:
    azure-pg-admin-user: code-du-travail-numerique
    application: v1-2-3-code-du-travail-numerique
    owner: code-du-travail-numerique
    team: code-du-travail-numerique
    cert: wildcard
  name: code-du-travail-numerique-85-preprod-dev42
---
apiVersion: apps/v1
kind: Deployment
metadata:
  annotations:
    kapp.k14s.io/disable-default-ownership-label-rules: ''
    kapp.k14s.io/disable-default-label-scoping-rules: ''
    app.gitlab.com/app: socialgouv-code-du-travail-numerique
    app.gitlab.com/env: preprod-dev42
    app.gitlab.com/env.name: preprod-dev42
  labels:
    app: api
    application: v1-2-3-code-du-travail-numerique
    owner: code-du-travail-numerique
    team: code-du-travail-numerique
    cert: wildcard
  name: api
  namespace: code-du-travail-numerique-85-preprod-dev42
spec:
  replicas: 1
  selector:
    matchLabels:
      app: api
  template:
    metadata:
      annotations:
        kapp.k14s.io/disable-default-ownership-label-rules: ''
        kapp.k14s.io/disable-default-label-scoping-rules: ''
        app.gitlab.com/app: socialgouv-code-du-travail-numerique
        app.gitlab.com/env: preprod-dev42
        app.gitlab.com/env.name: preprod-dev42
      labels:
        app: api
        application: v1-2-3-code-du-travail-numerique
        owner: code-du-travail-numerique
        team: code-du-travail-numerique
        cert: wildcard
    spec:
      containers:
        - image: harbor.fabrique.social.gouv.fr/cdtn/cdtn-api:1.2.3
          livenessProbe:
            failureThreshold: 6
            httpGet:
              path: /api/v1/version
              port: http
            initialDelaySeconds: 15
            periodSeconds: 5
            timeoutSeconds: 15
          name: api
          ports:
            - containerPort: 1337
              name: http
          readinessProbe:
            failureThreshold: 15
            httpGet:
              path: /api/v1/version
              port: http
            initialDelaySeconds: 5
            periodSeconds: 5
            successThreshold: 1
            timeoutSeconds: 3
          resources:
            limits:
              cpu: 500m
              memory: 1Gi
            requests:
              cpu: 100m
              memory: 320Mi
          startupProbe:
            failureThreshold: 12
            httpGet:
              path: /api/v1/version
              port: http
            periodSeconds: 5
            initialDelaySeconds: 0
            timeoutSeconds: 15
          env:
            - name: ELASTIC_APM_ENVIRONMENT
              value: cdtn-preprod-dev42
            - name: ES_INDEX_PREFIX
              value: cdtn-preprod
            - name: VERSION
              value: v1.2.3
          envFrom:
            - secretRef:
                name: api-secret
            - configMapRef:
                name: api-configmap
---
apiVersion: bitnami.com/v1alpha1
kind: SealedSecret
metadata:
  annotations:
    sealedsecrets.bitnami.com/cluster-wide: 'true'
    kapp.k14s.io/disable-default-ownership-label-rules: ''
    kapp.k14s.io/disable-default-label-scoping-rules: ''
    app.gitlab.com/app: socialgouv-code-du-travail-numerique
    app.gitlab.com/env: preprod-dev42
    app.gitlab.com/env.name: preprod-dev42
  name: api-secret
  namespace: code-du-travail-numerique-85-preprod-dev42
  labels:
    application: v1-2-3-code-du-travail-numerique
    owner: code-du-travail-numerique
    team: code-du-travail-numerique
    cert: wildcard
spec:
  encryptedData:
    ELASTIC_APM_SECRET_TOKEN: >-
      AgCMts6MSBHudMcuivZChI70F0aTRZ+pNxjQ4Bbfs2sYDWpD/n6nFwoy9J/L3AW/E8Oj7cERqeHfOehu7l2d61TQPz5w7enMatMpl0Yln75gjUy9mAe6PUAcF1r3JVNq3gTJw5GODubRtVK18td8sVFT/9j2LJuL286U+NqMTXNHIX9Vx4TD9rhVQR56eDuKyKqq+J2tcFbZyH4Ph/pddCZuOt42wKjL+XcdZNP8PgaXL7NovFAmcgILN5n6erQ16wk7Zy0GKaPqQLgWECnsd52/NVlNCsXIM4zquoOGEeg2QFYZnYE6z97J1juGCAQJgDLadksZLuGMkN35nzLqpW+BEq0Y3nqC6tKxWWS0Jc5rHA6t6U/85g30IG4JeoSQ8KBzPJr57SVqsRFkT1Uof6oJB6lkudfOeV8/cDJUDqyd2vsYq07CW21C5PsQ7gNuSzqjgD13XUV3vKgrHxpTOMNNr8VcdXdAWD6CFdIK3CTOx17naZrrYlE4GkRLMk7HtX1xjPs9hnoadMXbd8gQwXSwJ+0lEJE/qwDRkO7oKO/n/jpjVoHwl4EELtML+jdY7CtMAoSZcbgcBBauzhEPkApD8ZxoTGpMkabESJgH3CphBSWtu8yJZg+9a79eAt1egKuSjVU2OQ6yowQerp+NUKsjF7s+gUPmkT4nMX5BkvgKkaa4YhSZUgx4s2iq5GXKU6mf5QB7hwbhBenOHh8pqPS+p5g=
    ELASTIC_APM_SERVER_URL: >-
      AgAbEEEm5u9XnyNdiy9zq7OWEAk/ByNhlRXIpi1NzBizHhQwAU11vlYmw47Jqla/xfWGO5zTUCUlOb+kDUYpqqfdGilCnr/7PNwZvok7Z6ZUCH8Blbg+EKZ6GquUO6ZCkGfaSRhcoVGmJ/bSGmH4LPJtUF8O6PtUeswjPkAJ9eWZa5lZ2WeSBKoIoc9IGRimpIjp4jWpLp0BFQq7cQqodoqujA1Yixn2s7+GkyRWNImRMoeI9hmKIwunayOci32F/koT0vKvH1gZe1bfAjVKpWoXidfY6F65vIRO1od9u2Z2CTrXv0ulI3Z0DRMDgnpQMoEYOK57WzmQoITbJ7FrpOGpQ+XFGS5aiqCTLUt4lCQkPWPxBmiP/JJfp2hwC+/mLKlK/OYbU6IcppMwmfey35jGfFWSBnwnRhItuKW6Q82VURi6QDNX2TMHQkEG3FAMod8lNqMZFku/+vjHcQvAtNmBVhZ/uAhAQxHF6pE87RmLI6jGlvFCYjCD8SpOD+77MIfsXismt9X0nJ3jEHBX3yuLVvHXgsuIn6zVn7b5iTTZQcqhf50nsDHOOlLb66ZQt3/0eieSyIvljKZm05MlXSG21jmxzkUBNBHVADg8Rk4XQYLVtReBV7MM6Ht/8wCook5lWRjIpGaNTB7+MaMwgVBtlXzi5gBoJiO+xCjkQpCVii4EgLYF/fNoPeQTz1vEkpLpoUsxCQS7Sqbhm/MF+bx7ZWGK8ZN0EM6JQ/2mSWYaWAyim2RPZC5UPCwWeoUO7kLHDErQ4HMx2wqdU6EKAVWzJXuEDF/Wc3DaQR1fwg==
    ELASTICSEARCH_URL_API: >-
      AgDJbvkEVzJBS7vMtpEye4BsJD4ddHnmSk350AlwUOIE8h0FxqbjZDHUbNTCxumCuL3lV+eRDfJL/pvsgKVo/JxlLndA+9b8NyvN4VNHfcSaWdRVpHwecArNd0LaRa2LBVITAa+I6MgNuQ8QCoHm+1bqSed4/AYHiSHTeHCv0DVWZtWukq/Hen6S33ufls4APZz0Botaz+TNYT7mRxivp13+OJ9f5OwVo0sXARszLsofItHNJIjWASTzocvB08+Hgb9O/7aLW6ZKtzMKMzfsLHuVlA0Cud33muUMoREpvmLqys4+tTEEYxOOwuL42VAFp03Anqm9DYm3F71R4k6w989AvokNpsjb5l0XO9HtMxWbbRhId/WXrmOxJ/mMEG+akN2tA9kBjsmAJOD6hIh7FxX6/jJDq8iqT6KQ/iOOFukiPNoAWmivO/xNYzSEWXKezfJuuSsO5JeMEO+kRvSD6CcpTduhxsGNbpH0vlxj0cSOIEBNII6OmT40AFN3RdU1VWCDWOg/6g7NMdJ7kdXJsWK4u7ukaD3Rx9eypJsLH/kSbhrPsUuZExMQiBUBaTromLcujsWflBFd+PDD+rXpYLfqiD6RAzMthkPeosOJgB52ySGufOnCjRY+d9S0TC5tzqNvtucGuZ6R24JPgdpNFKVb+7aW9YE+jsjNzM4aCysKeYaavdgTBOUeFQOHNxv2bIZkeqv8F4EDceWq3HAfXXIAAhIDaJUuVCietSaO+I+3/7kbACZ2tJhcG8Sci9O+FIi+ftALARUAAIOROh4nJurxVFOeI2igAvy2zJRdd5qSgw==
    ELASTICSEARCH_API_TOKEN: >-
      AgBxNmw2Of1Jbw+qkaSIqyXQjjfvOV68UTw59sbQMW1p3cSXHzyQQtQJc4iQLPfqfTuSsxXgDac+Bq/8uhWvZfKl1sykBFvWfX8HzFfUCjSO87GTVj0K/ThTdZ/Xx9XKCjKcB79revXvzviKkOuieM90IS5Npx3QKsfdPLi1MQNEkahuRJ7E6SedOYnthGo2jGr0Io864ddREvV5vVBcnAYJ/BEHhAjSmmw22zIQO09wfsTd0pc2RiBbOKpKXm09Lbo1fce1cUhFSY5EbciMCIFDqbHb6LfpZB8Gil4g4D2X8FeZ0k5b7Hgj655cAHUcBfMBLMzdzjM5nXkpJqSkPb8c8NyyZ6Q5nmBmP5gpYrI1xtQ6hdJVirV9Q1X6b0iueTPBjtb460BBfz5RiCwcsQF20gNTwF/NAiTe2LMv34H3+VUhSpxpvDX8dkBAYsAJBRIFSlL7BWJPyM+xPBJou2QehTs3lHeVuOv5kHKTRRV18oPAQkgrtwdqz8jsTx0pI30V8ZAzB9DqC22j5sSpqa0dKK2pgx9pqspKSqLOMwUgFjel/Dj76LbdDAIKNTSBeDKCK+UcNbnwFB9iGzKkyi2J5BMZCaAD1rcyfoi1+P2YhpSUKERQRrAu0B4zFbqgA4kJx3qrpG4zJJYiuLyQZNMAuAU/Ev/18i6JfCEAU06mQ/7UFrnbGv5r3tK6SSW9hrDF+EUKQLFBqfFw9Aowu9A6kAnCaGOgRLNEf6tci7GxaPazZIy/oEaGbc39v6fkOGaG3BYwP52TSt6WxfQ=
  template:
    metadata:
      annotations:
        sealedsecrets.bitnami.com/cluster-wide: 'true'
        kapp.k14s.io/disable-default-ownership-label-rules: ''
        kapp.k14s.io/disable-default-label-scoping-rules: ''
        app.gitlab.com/app: socialgouv-code-du-travail-numerique
        app.gitlab.com/env: preprod-dev42
        app.gitlab.com/env.name: preprod-dev42
      name: api-secret
      labels:
        application: v1-2-3-code-du-travail-numerique
        owner: code-du-travail-numerique
        team: code-du-travail-numerique
        cert: wildcard
    type: Opaque
---
apiVersion: v1
kind: ConfigMap
metadata:
  name: api-configmap
  annotations:
    kapp.k14s.io/disable-default-ownership-label-rules: ''
    kapp.k14s.io/disable-default-label-scoping-rules: ''
    app.gitlab.com/app: socialgouv-code-du-travail-numerique
    app.gitlab.com/env: preprod-dev42
    app.gitlab.com/env.name: preprod-dev42
  labels:
    application: v1-2-3-code-du-travail-numerique
    owner: code-du-travail-numerique
    team: code-du-travail-numerique
    cert: wildcard
  namespace: code-du-travail-numerique-85-preprod-dev42
data:
  ELASTIC_APM_ACTIVE: 'false'
  ELASTIC_APM_SERVICE_NAME: cdtn-api
  ELASTIC_APM_USE_PATH_AS_TRANSACTION_NAME: 'true'
  NLP_URL: https://preprod-serving-ml.dev2.fabrique.social.gouv.fr
  NODE_ENV: production
  PIWIK_SITE_ID: '3'
  PIWIK_URL: https://matomo.fabrique.social.gouv.fr
---
apiVersion: v1
kind: Service
metadata:
  labels:
    app: api
    application: v1-2-3-code-du-travail-numerique
    owner: code-du-travail-numerique
    team: code-du-travail-numerique
    cert: wildcard
  name: api
  annotations:
    kapp.k14s.io/disable-default-ownership-label-rules: ''
    kapp.k14s.io/disable-default-label-scoping-rules: ''
    app.gitlab.com/app: socialgouv-code-du-travail-numerique
    app.gitlab.com/env: preprod-dev42
    app.gitlab.com/env.name: preprod-dev42
  namespace: code-du-travail-numerique-85-preprod-dev42
spec:
  ports:
    - name: http
      port: 80
      targetPort: 1337
  selector:
    app: api
  type: ClusterIP
---
apiVersion: extensions/v1beta1
kind: Ingress
metadata:
  annotations:
    kubernetes.io/ingress.class: nginx
    kapp.k14s.io/disable-default-ownership-label-rules: ''
    kapp.k14s.io/disable-default-label-scoping-rules: ''
    app.gitlab.com/app: socialgouv-code-du-travail-numerique
    app.gitlab.com/env: preprod-dev42
    app.gitlab.com/env.name: preprod-dev42
  labels:
    app: api
    application: v1-2-3-code-du-travail-numerique
    owner: code-du-travail-numerique
    team: code-du-travail-numerique
    cert: wildcard
  name: api
  namespace: code-du-travail-numerique-85-preprod-dev42
spec:
  rules:
    - host: api-preprod-code-du-travail-numerique.dev42.fabrique.social.gouv.fr
      http:
        paths:
          - backend:
              serviceName: api
              servicePort: 80
            path: /
  tls:
    - hosts:
        - api-preprod-code-du-travail-numerique.dev42.fabrique.social.gouv.fr
      secretName: wildcard-crt
---
apiVersion: apps/v1
kind: Deployment
metadata:
  annotations:
    kapp.k14s.io/disable-default-ownership-label-rules: ''
    kapp.k14s.io/disable-default-label-scoping-rules: ''
    app.gitlab.com/app: socialgouv-code-du-travail-numerique
    app.gitlab.com/env: preprod-dev42
    app.gitlab.com/env.name: preprod-dev42
  labels:
    app: www
    application: v1-2-3-code-du-travail-numerique
    owner: code-du-travail-numerique
    team: code-du-travail-numerique
    cert: wildcard
  name: www
  namespace: code-du-travail-numerique-85-preprod-dev42
spec:
  replicas: 1
  selector:
    matchLabels:
      app: www
  template:
    metadata:
      annotations:
        kapp.k14s.io/disable-default-ownership-label-rules: ''
        kapp.k14s.io/disable-default-label-scoping-rules: ''
        app.gitlab.com/app: socialgouv-code-du-travail-numerique
        app.gitlab.com/env: preprod-dev42
        app.gitlab.com/env.name: preprod-dev42
      labels:
        app: www
        application: v1-2-3-code-du-travail-numerique
        owner: code-du-travail-numerique
        team: code-du-travail-numerique
        cert: wildcard
    spec:
      containers:
        - image: harbor.fabrique.social.gouv.fr/cdtn/cdtn-frontend:1.2.3
          livenessProbe:
            failureThreshold: 6
            httpGet:
              path: /health
              port: http
            initialDelaySeconds: 15
            periodSeconds: 5
            timeoutSeconds: 15
          name: www
          ports:
            - containerPort: 3000
              name: http
          readinessProbe:
            failureThreshold: 15
            httpGet:
              path: /health
              port: http
            initialDelaySeconds: 5
            periodSeconds: 5
            successThreshold: 1
            timeoutSeconds: 3
          resources:
            limits:
              cpu: 500m
              memory: 560Mi
            requests:
              cpu: 200m
              memory: 256Mi
          startupProbe:
            failureThreshold: 12
            httpGet:
              path: /health
              port: http
            periodSeconds: 5
            initialDelaySeconds: 10
            timeoutSeconds: 15
          env:
            - name: API_URL
              value: >-
                https://api-preprod-code-du-travail-numerique.dev42.fabrique.social.gouv.fr/api/v1
            - name: COMMIT
              value: 0123456789abcdefghijklmnopqrstuvwxyz0123
            - name: VERSION
              value: v1.2.3
            - name: FRONTEND_HOST
              value: preprod-code-du-travail-numerique.dev42.fabrique.social.gouv.fr
          envFrom:
            - configMapRef:
                name: www-configmap
      initContainers:
        - args:
            - http://api
          image: ghcr.io/socialgouv/docker/wait-for-http:6.26.2
          imagePullPolicy: Always
          name: wait-for-www
          resources:
            limits:
              cpu: 20m
              memory: 32Mi
            requests:
              cpu: 5m
              memory: 16Mi
---
apiVersion: v1
kind: ConfigMap
metadata:
  name: www-configmap
  annotations:
    kapp.k14s.io/disable-default-ownership-label-rules: ''
    kapp.k14s.io/disable-default-label-scoping-rules: ''
    app.gitlab.com/app: socialgouv-code-du-travail-numerique
    app.gitlab.com/env: preprod-dev42
    app.gitlab.com/env.name: preprod-dev42
  labels:
    application: v1-2-3-code-du-travail-numerique
    owner: code-du-travail-numerique
    team: code-du-travail-numerique
    cert: wildcard
  namespace: code-du-travail-numerique-85-preprod-dev42
data:
  AZURE_BASE_URL: https://cdtnadmindev.blob.core.windows.net
  AZURE_CONTAINER: cdtn
  IS_PRODUCTION_DEPLOYMENT: 'false'
  NODE_ENV: production
  PIWIK_SITE_ID: '3'
  PIWIK_URL: https://matomo.fabrique.social.gouv.fr
  PROD_HOSTNAME: code.travail.gouv.fr
  SENTRY_PUBLIC_DSN: https://c2aa7e731a494cfd8f7fb1ddabca11c9@sentry.fabrique.social.gouv.fr/5
---
apiVersion: v1
kind: Service
metadata:
  labels:
    app: www
    application: v1-2-3-code-du-travail-numerique
    owner: code-du-travail-numerique
    team: code-du-travail-numerique
    cert: wildcard
  name: www
  annotations:
    kapp.k14s.io/disable-default-ownership-label-rules: ''
    kapp.k14s.io/disable-default-label-scoping-rules: ''
    app.gitlab.com/app: socialgouv-code-du-travail-numerique
    app.gitlab.com/env: preprod-dev42
    app.gitlab.com/env.name: preprod-dev42
  namespace: code-du-travail-numerique-85-preprod-dev42
spec:
  ports:
    - name: http
      port: 80
      targetPort: 3000
  selector:
    app: www
  type: ClusterIP
---
apiVersion: extensions/v1beta1
kind: Ingress
metadata:
  annotations:
    kubernetes.io/ingress.class: nginx
    kapp.k14s.io/disable-default-ownership-label-rules: ''
    kapp.k14s.io/disable-default-label-scoping-rules: ''
    app.gitlab.com/app: socialgouv-code-du-travail-numerique
    app.gitlab.com/env: preprod-dev42
    app.gitlab.com/env.name: preprod-dev42
  labels:
    app: www
    application: v1-2-3-code-du-travail-numerique
    owner: code-du-travail-numerique
    team: code-du-travail-numerique
    cert: wildcard
  name: www
  namespace: code-du-travail-numerique-85-preprod-dev42
spec:
  rules:
    - host: preprod-code-du-travail-numerique.dev42.fabrique.social.gouv.fr
      http:
        paths:
          - backend:
              serviceName: www
              servicePort: 80
            path: /
  tls:
    - hosts:
        - preprod-code-du-travail-numerique.dev42.fabrique.social.gouv.fr
      secretName: wildcard-crt
"
`;
