// Jest Snapshot v1, https://goo.gl/fbAQLP

exports[`kosko generate --prod 1`] = `
"---
apiVersion: apps/v1
kind: Deployment
metadata:
  annotations:
    kapp.k14s.io/disable-default-ownership-label-rules: ''
    kapp.k14s.io/disable-default-label-scoping-rules: ''
    app.gitlab.com/app: socialgouv-cdtn
    app.gitlab.com/env: prod
    app.gitlab.com/env.name: prod
  labels:
    app: api
    application: cdtn
    owner: cdtn
    team: cdtn
  name: api
  namespace: cdtn
spec:
  replicas: 1
  selector:
    matchLabels:
      app: api
  template:
    metadata:
      annotations:
        kapp.k14s.io/disable-default-ownership-label-rules: ''
        kapp.k14s.io/disable-default-label-scoping-rules: ''
        app.gitlab.com/app: socialgouv-cdtn
        app.gitlab.com/env: prod
        app.gitlab.com/env.name: prod
      labels:
        app: api
        application: cdtn
        owner: cdtn
        team: cdtn
    spec:
      containers:
        - image: harbor.fabrique.social.gouv.fr/cdtn/cdtn-api:1.2.3
          livenessProbe:
            failureThreshold: 6
            httpGet:
              path: /api/v1/version
              port: http
            initialDelaySeconds: 15
            periodSeconds: 5
            timeoutSeconds: 15
          name: api
          ports:
            - containerPort: 1337
              name: http
          readinessProbe:
            failureThreshold: 15
            httpGet:
              path: /api/v1/version
              port: http
            initialDelaySeconds: 5
            periodSeconds: 5
            successThreshold: 1
            timeoutSeconds: 3
          resources:
            limits:
              cpu: 500m
              memory: 1Gi
            requests:
              cpu: 100m
              memory: 320Mi
          startupProbe:
            failureThreshold: 12
            httpGet:
              path: /api/v1/version
              port: http
            periodSeconds: 5
            initialDelaySeconds: 0
            timeoutSeconds: 15
          env:
            - name: ELASTIC_APM_ENVIRONMENT
              value: cdtn-prod
            - name: ES_INDEX_PREFIX
              value: cdtn-preprod
            - name: VERSION
              value: v1.2.3
          envFrom:
            - secretRef:
                name: api-secret
            - configMapRef:
                name: api-configmap
---
apiVersion: bitnami.com/v1alpha1
kind: SealedSecret
metadata:
  annotations:
    kapp.k14s.io/disable-default-ownership-label-rules: ''
    kapp.k14s.io/disable-default-label-scoping-rules: ''
    app.gitlab.com/app: socialgouv-cdtn
    app.gitlab.com/env: prod
    app.gitlab.com/env.name: prod
  name: api-secret
  namespace: cdtn
  labels:
    application: cdtn
    owner: cdtn
    team: cdtn
spec:
  encryptedData:
    ELASTIC_APM_SECRET_TOKEN: >-
      AgBZYPJJoF76xUtc2Fy4d+gmOnBmm9fUXeV/4PC6GCB60wThjQwUgtxnCG5stLz/cYd0gdZN49UI7segyle+8M8gqrUto4rTdWbaU3Lm6AqpgNZn6rQ+RSBEGlkXKS1qAmvzjBUpRv+G+M9JySMXVqa52i5hTfaHv9buow3v1D6CtNh+9+jKM0jPJVBv2QlyHzYf9wMi4ZosjcLi75p2I/02u4+nmiT2rH5X9+LZvZ7JzLP3k4a2iIaPCIueaODMIwXcE8J+FeKRXECh9FBx5EPBEOP9HNylltSkkLADXblQ+9nmDOZBAMQORuSTOfb4qkO4Wrw8clqEWulcR8RBNsJST4xGvc6+nHy/6/HZtLJTKtGSHF9NXQFeIZ1mp8qbjEMvCGbijlUBfOJ0zimg+C+/QiEgBjjHIxLMiHeyzhx0ewmjaDZsgV73RAeYzku/jwoipS0fDON8Zb5BeHWruM/q2s8aqHNbfn7MYjymyhIfgyNlSQm9hZwIaGofZZtZ8fmgOMjmUKI2i8qzl8ECCjrRIvV6eKsWpyCcyeMBMvOpxqrDhAHNjdjg6agq5qO9H6ngtAQVGGnaVvyMaQcoKDt/iUy/cD7uAItzpyM75/BX+Jj4zNGDc+MQWZKXCcnL3uHM6minxDrMJf/iNbgsbdhSpcdTuOCdjF0MbA5VDj5//qMct+3ESfyA4dmUrnNMsOPEJ8WI9yueFoHuGDlqkiM1Z64=
    ELASTIC_APM_SERVER_URL: >-
      AgAc0APINWSaAG9b4gXAzplJyfF1Myh1OTP5Pmg7AEuYsGOV9udHe0bh+r0wJ0+STjLwMyOyKDn9udqYzrKDMcbbMbxiVjyjdeniTBPY27hFnTx4lpIRN/eZtxJiftbmllJMGKIUk99sLqhvygNkLQ4VreXR7nBE4O3Q1fugUOmzjdEFuKu1oSOjo51ldGBQj9QJn54yN4F4ugyVweVQA5LCec90d9e0GAefmTrXVjsp5oSDUK5tUQhWRbmQzAaKRDWQDtGhxSJoEh+8vyHtPrzeD6DKVdNx8fxFJaZz8uTWdzAvI5cKU+XCsGQ7G0rnMWiv4nlaqQw3WFQ8xpBXUyaVBbjoE0GAzpwlNheAEZUD4gtHfjDisIyEOb/WN4twnLe8ZG8aKO3Wp758h5NgRVhCeVY0DI4qOVy5Co6rCuI/OOibAhiUC0bytvu4iIV8qXppHMn9a8Vyeq7BvLN3KoICtF3MVt3p6Qnfy867CizhmQXphR5HW+OS12dcs1+VRN0rTJRw1Rx/Y0+64Ohq86n3RZIorpRN8VwRNTfCCnzPZ9/8FwxGD/w7GfhpiPbkc3R3f0zpvw6JTSCYO+0EbLyMoGtMhjtSc4coqZOstlvBD9hoC9iu1cwvsk375QWaA9dQEbwy2VnDtMBpDDNKT76mA8DNT77QkGZsRch/o3TIiKH2nnmmJgdx1A3S2sgSCsr3EWfJv48q9IthSifoi+beQsZtGAAbD1XFD1CJzmIjAUfjunDfKb6Egh2CliO7TdLm6PQztBEWlVpFG2DP8Ofozd/N9jP8z+OLyzTtsKSK/ZLa
    ELASTICSEARCH_URL: >-
      AgCohyxMzbfqfr0k3gHv0gkfXr/x46+ZKgQQtDVMSqngPukzjq44czL/qU0Wejw+DCxmOxWxKbbIf6L/y/5IvFw3fGkd89l5UjSwhNGF+LR7wCh6gVoPC5aIQYJlV80zLiGjoeb+/gztkDDXFFd6XTm8q4366Dv0/uaYdFlbvyb/pdT/ooW+ErDi1ITj0jM95YF0U4337zrnY1ecVTOqNe0G9RY9t3FAdks5rR8C/6wkBCf5cibR0H/HcT3kobow8H+Fb8pAenc3f0PhB6/DcrJAOM9PMmGgEe/sqM65uchaUlnmd/FviqPH/75jp8WRj2ViLRZQwoUHgiv96r6Zwsts1EvY9GrVh6t8g5vororHWiv5Aruw45ivYeHZeXUKZSTmNAVNAYUBr6nUHOXSxZBp+Spfp7jiJll7blALO3Z0VQZll/Z27BGSLnzXKizvVX4x25b2vVFjfEMrZMuW0hyg74zP5zZuxXeSvqWoKccW3jXNDkYJ6oqi7/mF/pxXwxnPQocGgYYG+Cw58R7wMi5ygI2zPi0WuOU1RTXdN4+n3MTwciYxYHRL/7XOQQWpqdTCQqYfBy8mx3LsAGMYJxdWq/KMmmHn5Q5snsWPs+Daf/L1GUkSFGi3E+EDIvqyDJJar721v43dTHoZzakDWqRXG3Ehsg33YN54jd3bkcjbEn2pwuNZUSiiDQ/hshQyb/YLlAd99lnzegI8yN3jmaGRhftrxjPOysiQlpmZpAyZiSGnitWEFUp3BZi8EK3Bsl0CVee9iXPWYcBNyKlGzrDxUjdjlw==
    ELASTICSEARCH_TOKEN_API: >-
      AgANv6hJoH7H9H0gospB2MPK411fNS6M+GxgVDYAhhbLNqstg95olCzx5UvIUV5cbabCfYXW3AD7SYeH4GoEE1bBFJYV1rm+R6G14uPA+L90NHquyvQDZ8qZD5UO/NyP9WlmRIS0aiQ5WG5Fu9e5hp1XcCYw7fR/DYvpjGucl0AZ/iYLQNOMJf3d+Ex3LSwqyl1b9M5d02wnboYiHnUaBuGlAVkrj/uDxoSPZrGWZdObVky9WfC2nRoiRX4q00LTqkS+wNiVC2dngrLjtxgqwJKNwP2gFaTSviT6AWBULcU6/S4I3bSw1/XJasaCizWQXkLVeUsVvJv3K39ADyg/UN5yeQHBplWwbMj+4mQ/pk3T2k5w2mJJdi5tL2YJLlbOZyaVr0cCexleTthnwtpfgwaBw/GmOBq4SN0aHIMEuaKx+6Ypzo3bzx8lOYpKnRIe7acyRzwmXoVw5V0G+G9LMSa8DXfGUItZlSn6jvwKws4AkVC+yuaOJJJjrmO1KfHFJP6aGD8M5M3XFE8hYebk7SxX/FetLhiF6YzXjyb4CJWigqJXRBSNj0POUJjf9OAwTLaMk6LqfsJPrX1lebhu/4GS/M6Ic/epHb9GQrECdDOVUdMn/7dnAPo61bL76OCW2Eu67mt0Fbpueh6grQjZY4YvviGoba6aUGMbTf6XS0QkdmWnDgedj+ccXgep122GHpe1kig//EMYkEEKArsJRlx5wUarL6AP4LJAAY33+04DbkFnTO/ukAZfgnhqDirxesexMfpbRlZVbE4wKMg=
  template:
    metadata:
      annotations:
        kapp.k14s.io/disable-default-ownership-label-rules: ''
        kapp.k14s.io/disable-default-label-scoping-rules: ''
        app.gitlab.com/app: socialgouv-cdtn
        app.gitlab.com/env: prod
        app.gitlab.com/env.name: prod
      name: api-secret
      labels:
        application: cdtn
        owner: cdtn
        team: cdtn
    type: Opaque
---
apiVersion: v1
kind: ConfigMap
metadata:
  name: api-configmap
  annotations:
    kapp.k14s.io/disable-default-ownership-label-rules: ''
    kapp.k14s.io/disable-default-label-scoping-rules: ''
    app.gitlab.com/app: socialgouv-cdtn
    app.gitlab.com/env: prod
    app.gitlab.com/env.name: prod
  labels:
    application: cdtn
    owner: cdtn
    team: cdtn
  namespace: cdtn
data:
  ELASTIC_APM_ACTIVE: 'false'
  ELASTIC_APM_SERVICE_NAME: cdtn-api
  ELASTIC_APM_USE_PATH_AS_TRANSACTION_NAME: 'true'
  NLP_URL: https://serving-ml.fabrique.social.gouv.fr
  NODE_ENV: production
  PIWIK_SITE_ID: '4'
  PIWIK_URL: https://matomo.fabrique.social.gouv.fr
---
apiVersion: v1
kind: Service
metadata:
  labels:
    app: api
    application: cdtn
    owner: cdtn
    team: cdtn
  name: api
  annotations:
    kapp.k14s.io/disable-default-ownership-label-rules: ''
    kapp.k14s.io/disable-default-label-scoping-rules: ''
    app.gitlab.com/app: socialgouv-cdtn
    app.gitlab.com/env: prod
    app.gitlab.com/env.name: prod
  namespace: cdtn
spec:
  ports:
    - name: http
      port: 80
      targetPort: 1337
  selector:
    app: api
  type: ClusterIP
---
apiVersion: extensions/v1beta1
kind: Ingress
metadata:
  annotations:
    kubernetes.io/ingress.class: nginx
    certmanager.k8s.io/cluster-issuer: letsencrypt-prod
    kubernetes.io/tls-acme: 'true'
    kapp.k14s.io/disable-default-ownership-label-rules: ''
    kapp.k14s.io/disable-default-label-scoping-rules: ''
    app.gitlab.com/app: socialgouv-cdtn
    app.gitlab.com/env: prod
    app.gitlab.com/env.name: prod
  labels:
    app: api
    application: cdtn
    owner: cdtn
    team: cdtn
  name: api
  namespace: cdtn
spec:
  rules:
    - host: api.cdtn.fabrique.social.gouv.fr
      http:
        paths:
          - backend:
              serviceName: api
              servicePort: 80
            path: /
  tls:
    - hosts:
        - api.cdtn.fabrique.social.gouv.fr
      secretName: api-crt
---
apiVersion: autoscaling/v2beta2
kind: HorizontalPodAutoscaler
metadata:
  annotations:
    kapp.k14s.io/disable-default-ownership-label-rules: ''
    kapp.k14s.io/disable-default-label-scoping-rules: ''
    app.gitlab.com/app: socialgouv-cdtn
    app.gitlab.com/env: prod
    app.gitlab.com/env.name: prod
  labels:
    app: api
    application: cdtn
    owner: cdtn
    team: cdtn
  name: api
  namespace: cdtn
spec:
  minReplicas: 1
  maxReplicas: 10
  metrics:
    - resource:
        name: cpu
        target:
          averageUtilization: 80
          type: Utilization
      type: Resource
    - resource:
        name: memory
        target:
          averageUtilization: 80
          type: Utilization
      type: Resource
  scaleTargetRef:
    apiVersion: apps/v1
    kind: Deployment
    name: api
---
apiVersion: apps/v1
kind: Deployment
metadata:
  annotations:
    kapp.k14s.io/disable-default-ownership-label-rules: ''
    kapp.k14s.io/disable-default-label-scoping-rules: ''
    app.gitlab.com/app: socialgouv-cdtn
    app.gitlab.com/env: prod
    app.gitlab.com/env.name: prod
  labels:
    app: www
    application: cdtn
    owner: cdtn
    team: cdtn
  name: www
  namespace: cdtn
spec:
  replicas: 1
  selector:
    matchLabels:
      app: www
  template:
    metadata:
      annotations:
        kapp.k14s.io/disable-default-ownership-label-rules: ''
        kapp.k14s.io/disable-default-label-scoping-rules: ''
        app.gitlab.com/app: socialgouv-cdtn
        app.gitlab.com/env: prod
        app.gitlab.com/env.name: prod
      labels:
        app: www
        application: cdtn
        owner: cdtn
        team: cdtn
    spec:
      containers:
        - image: harbor.fabrique.social.gouv.fr/cdtn/cdtn-frontend:1.2.3
          livenessProbe:
            failureThreshold: 6
            httpGet:
              path: /health
              port: http
            initialDelaySeconds: 15
            periodSeconds: 5
            timeoutSeconds: 15
          name: www
          ports:
            - containerPort: 3000
              name: http
          readinessProbe:
            failureThreshold: 15
            httpGet:
              path: /health
              port: http
            initialDelaySeconds: 5
            periodSeconds: 5
            successThreshold: 1
            timeoutSeconds: 3
          resources:
            limits:
              cpu: 500m
              memory: 560Mi
            requests:
              cpu: 200m
              memory: 256Mi
          startupProbe:
            failureThreshold: 12
            httpGet:
              path: /health
              port: http
            periodSeconds: 5
            initialDelaySeconds: 10
            timeoutSeconds: 15
          env:
            - name: API_URL
              value: https://api.cdtn.fabrique.social.gouv.fr/api/v1
            - name: COMMIT
              value: 0123456789abcdefghijklmnopqrstuvwxyz0123
            - name: VERSION
              value: v1.2.3
            - name: FRONTEND_HOST
              value: code.travail.gouv.fr
          envFrom:
            - configMapRef:
                name: www-configmap
      initContainers:
        - args:
            - http://api
          image: ghcr.io/socialgouv/docker/wait-for-http:6.26.2
          imagePullPolicy: Always
          name: wait-for-www
          resources:
            limits:
              cpu: 20m
              memory: 32Mi
            requests:
              cpu: 5m
              memory: 16Mi
---
apiVersion: v1
kind: ConfigMap
metadata:
  name: www-configmap
  annotations:
    kapp.k14s.io/disable-default-ownership-label-rules: ''
    kapp.k14s.io/disable-default-label-scoping-rules: ''
    app.gitlab.com/app: socialgouv-cdtn
    app.gitlab.com/env: prod
    app.gitlab.com/env.name: prod
  labels:
    application: cdtn
    owner: cdtn
    team: cdtn
  namespace: cdtn
data:
  AZURE_BASE_URL: https://cdtnadminprod.blob.core.windows.net
  AZURE_CONTAINER: cdtn
  IS_PRODUCTION_DEPLOYMENT: 'true'
  NODE_ENV: production
  PIWIK_SITE_ID: '4'
  PIWIK_URL: https://matomo.fabrique.social.gouv.fr
  PROD_HOSTNAME: code.travail.gouv.fr
  SENTRY_PUBLIC_DSN: https://c2aa7e731a494cfd8f7fb1ddabca11c9@sentry.fabrique.social.gouv.fr/5
---
apiVersion: v1
kind: Service
metadata:
  labels:
    app: www
    application: cdtn
    owner: cdtn
    team: cdtn
  name: www
  annotations:
    kapp.k14s.io/disable-default-ownership-label-rules: ''
    kapp.k14s.io/disable-default-label-scoping-rules: ''
    app.gitlab.com/app: socialgouv-cdtn
    app.gitlab.com/env: prod
    app.gitlab.com/env.name: prod
  namespace: cdtn
spec:
  ports:
    - name: http
      port: 80
      targetPort: 3000
  selector:
    app: www
  type: ClusterIP
---
apiVersion: extensions/v1beta1
kind: Ingress
metadata:
  annotations:
    kubernetes.io/ingress.class: nginx
    certmanager.k8s.io/cluster-issuer: letsencrypt-prod
    kubernetes.io/tls-acme: 'true'
    kapp.k14s.io/disable-default-ownership-label-rules: ''
    kapp.k14s.io/disable-default-label-scoping-rules: ''
    app.gitlab.com/app: socialgouv-cdtn
    app.gitlab.com/env: prod
    app.gitlab.com/env.name: prod
  labels:
    app: www
    application: cdtn
    owner: cdtn
    team: cdtn
  name: www
  namespace: cdtn
spec:
  rules:
    - host: code.travail.gouv.fr
      http:
        paths:
          - backend:
              serviceName: www
              servicePort: 80
            path: /
  tls:
    - hosts:
        - code.travail.gouv.fr
      secretName: www-crt
---
apiVersion: autoscaling/v2beta2
kind: HorizontalPodAutoscaler
metadata:
  annotations:
    kapp.k14s.io/disable-default-ownership-label-rules: ''
    kapp.k14s.io/disable-default-label-scoping-rules: ''
    app.gitlab.com/app: socialgouv-cdtn
    app.gitlab.com/env: prod
    app.gitlab.com/env.name: prod
  labels:
    app: www
    application: cdtn
    owner: cdtn
    team: cdtn
  name: www
  namespace: cdtn
spec:
  minReplicas: 1
  maxReplicas: 10
  metrics:
    - resource:
        name: cpu
        target:
          averageUtilization: 80
          type: Utilization
      type: Resource
    - resource:
        name: memory
        target:
          averageUtilization: 80
          type: Utilization
      type: Resource
  scaleTargetRef:
    apiVersion: apps/v1
    kind: Deployment
    name: www
---
apiVersion: extensions/v1beta1
kind: Ingress
metadata:
  annotations:
    kubernetes.io/ingress.class: nginx
    nginx.ingress.kubernetes.io/permanent-redirect: https://code.travail.gouv.fr$request_uri
    certmanager.k8s.io/cluster-issuer: letsencrypt-prod
    kubernetes.io/tls-acme: 'true'
  labels:
    app.kubernetes.io/component: redirect
    app.kubernetes.io/name: cdtn
  name: cdtn-redirect
  namespace: cdtn
spec:
  rules:
    - host: www.code.travail.gouv.fr
    - host: code.travail.fabrique.social.gouv.fr
  tls:
    - hosts:
        - www.code.travail.gouv.fr
        - code.travail.fabrique.social.gouv.fr
      secretName: redirect-crt
"
`;
